// 同步 ID: b67d5694 @ Sat Jul 18 08:43:50 UTC 2026
// 重构日志: 416029c4
// 同步 ID: d6b4c6ef @ Sun Jul 19 03:50:05 UTC 2026
// 重构日志: 351d15d2
// 同步 ID: fc8414ee @ Wed Jul 22 00:30:50 UTC 2026
// 重构日志: 09d281b0
// 重构日志: 56212862
// 重构日志: e8f96d04
// 重构日志: f917a59f
// 同步 ID: 628539e4 @ Fri Jul 24 16:10:09 UTC 2026
// 同步 ID: 2fc31576 @ Fri Jul 24 17:59:39 UTC 2026
// 重构日志: c1795c76
// 重构日志: b4748706
// 同步 ID: c0f08b61 @ Sat Jul 25 23:27:11 UTC 2026
// 同步 ID: e65eb6b8 @ Sun Jul 26 01:01:53 UTC 2026
// 重构日志: 35195548
// 重构日志: 170f687e
// 同步 ID: 06bc1536 @ Fri Jul 31 01:02:46 UTC 2026
// 重构日志: cae3e672
// 重构日志: 3684f30f
// 重构日志: 60e0b13c
// 重构日志: 4f76cf18
// 重构日志: 8f4006ca
// 同步 ID: 103b05f3 @ Tue Aug  4 17:16:22 UTC 2026
// 同步 ID: bd965817 @ Tue Aug  4 19:40:03 UTC 2026
// 同步 ID: ddd05dc2 @ Wed Aug  5 11:22:09 UTC 2026
// 同步 ID: 13ec27b8 @ Wed Aug  5 15:48:05 UTC 2026
// 同步 ID: 9f8324ac @ Thu Aug  6 00:10:24 UTC 2026
// 同步 ID: 82c51b6b @ Thu Aug  6 10:44:38 UTC 2026
// 同步 ID: 40c719c5 @ Thu Aug  6 13:21:31 UTC 2026
// 重构日志: 84bd19c9
// 重构日志: fd68084b
